Archive member included to satisfy reference by file (symbol)

/opt/riscv/lib/gcc/riscv32-unknown-elf/13.2.0/libgcc.a(muldi3.o)
                              build/mathlib.o (__mulsi3)

Discarded input sections

 .comment       0x00000000       0x1c build/ex105.o
 .riscv.attributes
                0x00000000       0x1c build/ex105.o
 .comment       0x00000000       0x1c build/print.o
 .riscv.attributes
                0x00000000       0x1c build/print.o
 .comment       0x00000000       0x1c build/mathlib.o
 .riscv.attributes
                0x00000000       0x1c build/mathlib.o
 .comment       0x00000000       0x1c build/firmware.o
 .riscv.attributes
                0x00000000       0x1c build/firmware.o
 .riscv.attributes
                0x00000000       0x1a build/start.o
 .debug_line    0x00000000       0x7a /opt/riscv/lib/gcc/riscv32-unknown-elf/13.2.0/libgcc.a(muldi3.o)
 .debug_line_str
                0x00000000       0x8c /opt/riscv/lib/gcc/riscv32-unknown-elf/13.2.0/libgcc.a(muldi3.o)
 .debug_info    0x00000000       0x31 /opt/riscv/lib/gcc/riscv32-unknown-elf/13.2.0/libgcc.a(muldi3.o)
 .debug_abbrev  0x00000000       0x28 /opt/riscv/lib/gcc/riscv32-unknown-elf/13.2.0/libgcc.a(muldi3.o)
 .debug_aranges
                0x00000000       0x20 /opt/riscv/lib/gcc/riscv32-unknown-elf/13.2.0/libgcc.a(muldi3.o)
 .debug_str     0x00000000       0xa1 /opt/riscv/lib/gcc/riscv32-unknown-elf/13.2.0/libgcc.a(muldi3.o)
 .riscv.attributes
                0x00000000       0x51 /opt/riscv/lib/gcc/riscv32-unknown-elf/13.2.0/libgcc.a(muldi3.o)

Memory Configuration

Name             Origin             Length             Attributes
ROM              0x00000000         0x00000800         xr
RAM              0x00000800         0x00000800         xrw
*default*        0x00000000         0xffffffff

Linker script and memory map


.text           0x00000000      0x2ae
                0x00000000                        . = 0x0
 *(.init)
 .init          0x00000000       0x90 build/start.o
                0x00000000                start
 *(.text*)
 .text          0x00000090       0x14 build/ex105.o
                0x00000090                convert
 .text          0x000000a4      0x150 build/print.o
                0x000000a4                print_chr
                0x000000b0                print_str
                0x000000cc                getNumber
                0x000000dc                print_dec
                0x000001ac                print_hex
 .text          0x000001f4       0x6c build/mathlib.o
                0x000001f4                multiply
                0x00000220                divide
 .text          0x00000260        0x0 build/firmware.o
 .text.startup  0x00000260       0x38 build/firmware.o
                0x00000260                main
 .text          0x00000298        0x0 build/start.o
 .text          0x00000298       0x16 /opt/riscv/lib/gcc/riscv32-unknown-elf/13.2.0/libgcc.a(muldi3.o)
                0x00000298                __mulsi3

.data           0x00000800       0x24
                0x00000000                        . = 0x0
 *(.data)
 .data          0x00000800        0x0 build/ex105.o
 .data          0x00000800       0x24 build/print.o
                0x00000800                number_length
 .data          0x00000824        0x0 build/mathlib.o
 .data          0x00000824        0x0 build/firmware.o
 .data          0x00000824        0x0 build/start.o
 .data          0x00000824        0x0 /opt/riscv/lib/gcc/riscv32-unknown-elf/13.2.0/libgcc.a(muldi3.o)

.bss            0x00000824        0x0
 .bss           0x00000824        0x0 build/ex105.o
 .bss           0x00000824        0x0 build/print.o
 .bss           0x00000824        0x0 build/mathlib.o
 .bss           0x00000824        0x0 build/firmware.o
 .bss           0x00000824        0x0 build/start.o
 .bss           0x00000824        0x0 /opt/riscv/lib/gcc/riscv32-unknown-elf/13.2.0/libgcc.a(muldi3.o)

.rodata         0x00000824      0x400
                0x00000400                        . = 0x400
 *fill*         0x00000824      0x400 
 *(.rodata)
                0x00000c24                        . = ALIGN (0x4)
 FILL mask 0xff

.rodata.str1.4  0x00000c24       0x31
 .rodata.str1.4
                0x00000c24       0x31 build/print.o
                                 0x21 (size before relaxing)
 .rodata.str1.4
                0x00000c55        0xd build/firmware.o

/DISCARD/
 *(.note*)
 *(.iplt*)
 *(.igot*)
 *(.rel*)
 *(.comment)
 *(.riscv.attributes)
LOAD build/ex105.o
LOAD build/print.o
LOAD build/mathlib.o
LOAD build/firmware.o
LOAD build/start.o
LOAD /opt/riscv/lib/gcc/riscv32-unknown-elf/13.2.0/libgcc.a
START GROUP
LOAD /opt/riscv/lib/gcc/riscv32-unknown-elf/13.2.0/../../../../riscv32-unknown-elf/lib/libc.a
LOAD /opt/riscv/lib/gcc/riscv32-unknown-elf/13.2.0/../../../../riscv32-unknown-elf/lib/libgloss.a
END GROUP
LOAD /opt/riscv/lib/gcc/riscv32-unknown-elf/13.2.0/libgcc.a
OUTPUT(firmware.elf elf32-littleriscv)
