
Discarded input sections

 .comment       0x00000000       0x1c build/print.o
 .riscv.attributes
                0x00000000       0x25 build/print.o
 .comment       0x00000000       0x1c build/tcnt.o
 .riscv.attributes
                0x00000000       0x25 build/tcnt.o
 .comment       0x00000000       0x1c build/firmware.o
 .riscv.attributes
                0x00000000       0x25 build/firmware.o
 .riscv.attributes
                0x00000000       0x27 build/start.o

Memory Configuration

Name             Origin             Length             Attributes
ROM              0x00000000         0x00002000         xr
RAM              0x00002000         0x00002000         xrw
*default*        0x00000000         0xffffffff

Linker script and memory map


.text           0x00000000      0x948
                0x00000000                        . = 0x0
 *(.init)
 .init          0x00000000      0x230 build/start.o
                0x00000000                start
                0x000001d8                sw_mult
 *(.text*)
 .text          0x00000230       0x74 build/print.o
                0x00000230                print_chr
                0x0000023c                print_str
                0x0000025c                print_hex
 .text          0x000002a4       0x68 build/tcnt.o
                0x000002a4                TCNT_start
                0x000002b8                TCNT_start_div8
                0x000002d8                TCNT_start_div16
                0x000002f8                TCNT_stop
 .text          0x0000030c      0x1a8 build/firmware.o
                0x0000030c                irq_handler
                0x00000310                initialise
                0x0000042c                pixel_hash
 .text.startup  0x000004b4      0x494 build/firmware.o
                0x000004b4                main
 .text          0x00000948        0x0 build/start.o

.data           0x00002000        0x0
                0x00000000                        . = 0x0
 *(.data)
 .data          0x00002000        0x0 build/print.o
 .data          0x00002000        0x0 build/tcnt.o
 .data          0x00002000        0x0 build/firmware.o
 .data          0x00002000        0x0 build/start.o

.bss            0x00002000        0x0
 .bss           0x00002000        0x0 build/print.o
 .bss           0x00002000        0x0 build/tcnt.o
 .bss           0x00002000        0x0 build/firmware.o
 .bss           0x00002000        0x0 build/start.o

.rodata         0x00002000     0x1000
                0x00001000                        . = 0x1000
 *fill*         0x00002000     0x1000 
 *(.rodata)
                0x00003000                        . = ALIGN (0x4)
 FILL mask 0xff

.rodata.str1.4  0x00003000       0x11
 .rodata.str1.4
                0x00003000       0x11 build/print.o

/DISCARD/
 *(.note*)
 *(.iplt*)
 *(.igot*)
 *(.rel*)
 *(.comment)
 *(.riscv.attributes)
LOAD build/print.o
LOAD build/tcnt.o
LOAD build/firmware.o
LOAD build/start.o
LOAD /opt/riscv/lib/gcc/riscv32-unknown-elf/13.2.0/libgcc.a
START GROUP
LOAD /opt/riscv/lib/gcc/riscv32-unknown-elf/13.2.0/../../../../riscv32-unknown-elf/lib/libc.a
LOAD /opt/riscv/lib/gcc/riscv32-unknown-elf/13.2.0/../../../../riscv32-unknown-elf/lib/libgloss.a
END GROUP
LOAD /opt/riscv/lib/gcc/riscv32-unknown-elf/13.2.0/libgcc.a
OUTPUT(firmware.elf elf32-littleriscv)
