
Discarded input sections

 .comment       0x00000000       0x1c build/print.o
 .riscv.attributes
                0x00000000       0x25 build/print.o
 .comment       0x00000000       0x1c build/sensor.o
 .riscv.attributes
                0x00000000       0x25 build/sensor.o
 .comment       0x00000000       0x1c build/tcnt.o
 .riscv.attributes
                0x00000000       0x25 build/tcnt.o
 .comment       0x00000000       0x1c build/hashing.o
 .riscv.attributes
                0x00000000       0x25 build/hashing.o
 .comment       0x00000000       0x1c build/firmware.o
 .riscv.attributes
                0x00000000       0x25 build/firmware.o
 .riscv.attributes
                0x00000000       0x27 build/start.o

Memory Configuration

Name             Origin             Length             Attributes
ROM              0x00000000         0x00002000         xr
RAM              0x00002000         0x00002000         xrw
*default*        0x00000000         0xffffffff

Linker script and memory map


.text           0x00000000      0x6a4
                0x00000000                        . = 0x0
 *(.init)
 .init          0x00000000      0x230 build/start.o
                0x00000000                start
                0x000001d0                sw_mult
 *(.text*)
 .text          0x00000230       0x74 build/print.o
                0x00000230                print_chr
                0x0000023c                print_str
                0x0000025c                print_hex
 .text          0x000002a4       0x28 build/sensor.o
                0x000002a4                SENSOR_fetch
 .text          0x000002cc       0x68 build/tcnt.o
                0x000002cc                TCNT_start
                0x000002e0                TCNT_start_div8
                0x00000300                TCNT_start_div16
                0x00000320                TCNT_stop
 .text          0x00000334       0x2c build/hashing.o
                0x00000334                hashing_compute
 .text          0x00000360       0x24 build/firmware.o
                0x00000360                irq_handler
                0x00000378                closest_difference
 .text.startup  0x00000384      0x320 build/firmware.o
                0x00000384                main
 .text          0x000006a4        0x0 build/start.o

.data           0x00002000        0x0
                0x00000000                        . = 0x0
 *(.data)
 .data          0x00002000        0x0 build/print.o
 .data          0x00002000        0x0 build/sensor.o
 .data          0x00002000        0x0 build/tcnt.o
 .data          0x00002000        0x0 build/hashing.o
 .data          0x00002000        0x0 build/firmware.o
 .data          0x00002000        0x0 build/start.o

.sdata          0x00002000        0x4
 .sdata         0x00002000        0x4 build/hashing.o
                0x00002000                hashing_reg

.bss            0x00002004        0x0
 .bss           0x00002004        0x0 build/print.o
 .bss           0x00002004        0x0 build/sensor.o
 .bss           0x00002004        0x0 build/tcnt.o
 .bss           0x00002004        0x0 build/hashing.o
 .bss           0x00002004        0x0 build/firmware.o
 .bss           0x00002004        0x0 build/start.o

.rodata         0x00002004     0x1000
                0x00001000                        . = 0x1000
 *fill*         0x00002004     0x1000 
 *(.rodata)
                0x00003004                        . = ALIGN (0x4)
 FILL mask 0xff

.rodata.str1.4  0x00003004       0x11
 .rodata.str1.4
                0x00003004       0x11 build/print.o

/DISCARD/
 *(.note*)
 *(.iplt*)
 *(.igot*)
 *(.rel*)
 *(.comment)
 *(.riscv.attributes)
LOAD build/print.o
LOAD build/sensor.o
LOAD build/tcnt.o
LOAD build/hashing.o
LOAD build/firmware.o
LOAD build/start.o
LOAD /opt/riscv/lib/gcc/riscv32-unknown-elf/13.2.0/libgcc.a
START GROUP
LOAD /opt/riscv/lib/gcc/riscv32-unknown-elf/13.2.0/../../../../riscv32-unknown-elf/lib/libc.a
LOAD /opt/riscv/lib/gcc/riscv32-unknown-elf/13.2.0/../../../../riscv32-unknown-elf/lib/libgloss.a
END GROUP
LOAD /opt/riscv/lib/gcc/riscv32-unknown-elf/13.2.0/libgcc.a
OUTPUT(firmware.elf elf32-littleriscv)
