
Discarded input sections

 .comment       0x00000000       0x1c build/ex105.o
 .riscv.attributes
                0x00000000       0x1c build/ex105.o
 .comment       0x00000000       0x1c build/print.o
 .riscv.attributes
                0x00000000       0x1c build/print.o
 .comment       0x00000000       0x1c build/mathlib.o
 .riscv.attributes
                0x00000000       0x1c build/mathlib.o
 .comment       0x00000000       0x1c build/tcnt.o
 .riscv.attributes
                0x00000000       0x1c build/tcnt.o
 .comment       0x00000000       0x1c build/firmware.o
 .riscv.attributes
                0x00000000       0x1c build/firmware.o
 .riscv.attributes
                0x00000000       0x1a build/start.o

Memory Configuration

Name             Origin             Length             Attributes
ROM              0x00000000         0x00000800         xr
RAM              0x00000800         0x00000800         xrw
*default*        0x00000000         0xffffffff

Linker script and memory map


.text           0x00000000      0x334
                0x00000000                        . = 0x0
 *(.init)
 .init          0x00000000       0xc0 build/start.o
                0x00000000                start
                0x00000090                sw_mult
 *(.text*)
 .text          0x000000c0       0x14 build/ex105.o
                0x000000c0                convert
 .text          0x000000d4      0x150 build/print.o
                0x000000d4                print_chr
                0x000000e0                print_str
                0x000000fc                getNumber
                0x0000010c                print_dec
                0x000001dc                print_hex
 .text          0x00000224       0x40 build/mathlib.o
                0x00000224                divide
 .text          0x00000264       0x78 build/tcnt.o
                0x00000264                TCNT_start
                0x00000278                TCNT_stop
                0x0000028c                TCNT_start_div8
                0x000002b4                TCNT_start_div16
 .text          0x000002dc        0x0 build/firmware.o
 .text.startup  0x000002dc       0x58 build/firmware.o
                0x000002dc                main
 .text          0x00000334        0x0 build/start.o

.data           0x00000800       0x24
                0x00000000                        . = 0x0
 *(.data)
 .data          0x00000800        0x0 build/ex105.o
 .data          0x00000800       0x24 build/print.o
                0x00000800                number_length
 .data          0x00000824        0x0 build/mathlib.o
 .data          0x00000824        0x0 build/tcnt.o
 .data          0x00000824        0x0 build/firmware.o
 .data          0x00000824        0x0 build/start.o

.bss            0x00000824        0x0
 .bss           0x00000824        0x0 build/ex105.o
 .bss           0x00000824        0x0 build/print.o
 .bss           0x00000824        0x0 build/mathlib.o
 .bss           0x00000824        0x0 build/tcnt.o
 .bss           0x00000824        0x0 build/firmware.o
 .bss           0x00000824        0x0 build/start.o

.rodata         0x00000824      0x400
                0x00000400                        . = 0x400
 *fill*         0x00000824      0x400 
 *(.rodata)
                0x00000c24                        . = ALIGN (0x4)
 FILL mask 0xff

.rodata.str1.4  0x00000c24       0x21
 .rodata.str1.4
                0x00000c24       0x21 build/print.o
 .rodata.str1.4
                0x00000c45        0x2 build/firmware.o

/DISCARD/
 *(.note*)
 *(.iplt*)
 *(.igot*)
 *(.rel*)
 *(.comment)
 *(.riscv.attributes)
LOAD build/ex105.o
LOAD build/print.o
LOAD build/mathlib.o
LOAD build/tcnt.o
LOAD build/firmware.o
LOAD build/start.o
LOAD /opt/riscv/lib/gcc/riscv32-unknown-elf/13.2.0/libgcc.a
START GROUP
LOAD /opt/riscv/lib/gcc/riscv32-unknown-elf/13.2.0/../../../../riscv32-unknown-elf/lib/libc.a
LOAD /opt/riscv/lib/gcc/riscv32-unknown-elf/13.2.0/../../../../riscv32-unknown-elf/lib/libgloss.a
END GROUP
LOAD /opt/riscv/lib/gcc/riscv32-unknown-elf/13.2.0/libgcc.a
OUTPUT(firmware.elf elf32-littleriscv)
